{"synthetic": false,
 "schemaVersion": "2025-09-10",
 "outputs":
 {"o": ["d5438e19801427e8.olean"],
  "m": false,
  "i": "3f318ff48d6d4739.ilean",
  "c": "290cab5c53e913a1.c"},
 "log":
 [{"message":
   ".> LEAN_PATH=/Users/bg/Documents/algal/verify/lean/.lake/build/lib/lean /Users/bg/.elan/toolchains/leanprover--lean4---v4.34.0/bin/lean --threads=1 --memory=1024 /Users/bg/Documents/algal/verify/lean/Algal/Audit.lean -o /Users/bg/Documents/algal/verify/lean/.lake/build/lib/lean/Algal/Audit.olean -i /Users/bg/Documents/algal/verify/lean/.lake/build/lib/lean/Algal/Audit.ilean -c /Users/bg/Documents/algal/verify/lean/.lake/build/ir/Algal/Audit.c --setup /Users/bg/Documents/algal/verify/lean/.lake/build/ir/Algal/Audit.setup.json --json",
   "level": "trace"}],
 "inputs":
 [["deps",
   [["algalVerification/Algal:extraDep",
     [["@algalVerification:extraDep", "00000000000006bb"]]],
    ["imports", "00000000000006bb"]]],
  ["libs",
   [["import dynlibs", "00000000000006bb"],
    ["package external libraries", "00000000000006bb"],
    ["module dynlibs", "00000000000006bb"],
    ["module plugins", "00000000000006bb"]]],
  ["Lean 4.34.0, commit 293d5d0c0c3f3dded4688b3ccd6a33939ac5102b",
   "a1c6c7aa3e9abfe7"],
  ["/Users/bg/Documents/algal/verify/lean/Algal/Audit.lean",
   "ce372ff1056378bb"],
  ["options", "00000000000006bb"],
  ["isModule: false", "feefd2a0d3a1847e"],
  ["Module.name: Algal.Audit", "44abc8642d3bda05"],
  ["Package.id?: (some algalVerification)", "322e4bdf4ecfef12"],
  ["Module.leanArgs: #[--threads=1, --memory=1024]", "42b59798c0f2dde0"]],
 "depHash": "1bd42f5cb9b002eb"}