{"synthetic": false,
 "schemaVersion": "2025-09-10",
 "outputs":
 {"o": ["35ccc4e3275f9f13.olean"],
  "m": false,
  "i": "4b70180b8ab786d4.ilean",
  "c": "1e4c7170e7ed382b.c"},
 "log":
 [{"message":
   ".> LEAN_PATH=/Users/bg/Documents/algal/verify/lean/.lake/build/lib/lean /Users/bg/.elan/toolchains/leanprover--lean4---v4.34.0/bin/lean --threads=1 --memory=1024 /Users/bg/Documents/algal/verify/lean/Algal/Core/All.lean -o /Users/bg/Documents/algal/verify/lean/.lake/build/lib/lean/Algal/Core/All.olean -i /Users/bg/Documents/algal/verify/lean/.lake/build/lib/lean/Algal/Core/All.ilean -c /Users/bg/Documents/algal/verify/lean/.lake/build/ir/Algal/Core/All.c --setup /Users/bg/Documents/algal/verify/lean/.lake/build/ir/Algal/Core/All.setup.json --json",
   "level": "trace"}],
 "inputs":
 [["deps",
   [["algalVerification/Algal:extraDep",
     [["@algalVerification:extraDep", "00000000000006bb"]]],
    ["imports",
     [["Algal.Core.Binary64 transitive imports (legacy)", "00000000000006bb"],
      ["Algal.Core.Binary64:importAllArts", "34a943f435855f4b"],
      ["Algal.Core.BinaryValue transitive imports (legacy)",
       "bab7fa4b941a5e77"],
      ["Algal.Core.BinaryValue:importAllArts", "94b86156c4afabad"],
      ["Algal.Core.NumericInjectivity transitive imports (legacy)",
       "ba0f729b56f7f26e"],
      ["Algal.Core.NumericInjectivity:importAllArts", "ae1335f9ae42aec9"],
      ["Algal.Core.RoundingInterval transitive imports (legacy)",
       "f65b905b05b001a0"],
      ["Algal.Core.RoundingInterval:importAllArts", "7d60bdad68f718bb"],
      ["Algal.Core.SignedRounding transitive imports (legacy)",
       "e3e395544acef31f"],
      ["Algal.Core.SignedRounding:importAllArts", "f1474161e9808bf4"],
      ["Algal.Core.RoundingEndpoints transitive imports (legacy)",
       "6157d84fc65188f6"],
      ["Algal.Core.RoundingEndpoints:importAllArts", "95f05e476da935f9"],
      ["Algal.Core.NegativeEndpoints transitive imports (legacy)",
       "bcf653a3c9decb0a"],
      ["Algal.Core.NegativeEndpoints:importAllArts", "5d00b2e661495063"],
      ["Algal.Core.FiniteNeighbors transitive imports (legacy)",
       "d8c47c5b71767bcb"],
      ["Algal.Core.FiniteNeighbors:importAllArts", "ef4270044d6ec7cd"],
      ["Algal.Core.IntervalSearch transitive imports (legacy)",
       "00000000000006bb"],
      ["Algal.Core.IntervalSearch:importAllArts", "544d430e371ae8da"],
      ["Algal.Core.RationalBracket transitive imports (legacy)",
       "1c512af72fa97298"],
      ["Algal.Core.RationalBracket:importAllArts", "01a7feb936b6f2a8"],
      ["Algal.Core.RationalSelector transitive imports (legacy)",
       "3729ebf7d0bbdad5"],
      ["Algal.Core.RationalSelector:importAllArts", "373f8011703e104b"],
      ["Algal.Core.DecimalSyntax transitive imports (legacy)",
       "ba0f729b56f7f26e"],
      ["Algal.Core.DecimalSyntax:importAllArts", "63270012d957535a"],
      ["Algal.Core.Text transitive imports (legacy)", "00000000000006bb"],
      ["Algal.Core.Text:importAllArts", "69267983e3c448a8"],
      ["Algal.Core.JsonString transitive imports (legacy)", "00000000000006bb"],
      ["Algal.Core.JsonString:importAllArts", "42510b09911e7e24"],
      ["Algal.Core.ByteFraming transitive imports (legacy)",
       "5b72839242c374f3"],
      ["Algal.Core.ByteFraming:importAllArts", "86695f56046fcef7"],
      ["Algal.Core.OwnMap transitive imports (legacy)", "00000000000006bb"],
      ["Algal.Core.OwnMap:importAllArts", "b33299dde9ee9416"],
      ["Algal.Core.KeyOrder transitive imports (legacy)", "ae773068ea27d363"],
      ["Algal.Core.KeyOrder:importAllArts", "53e2edc16537c82e"],
      ["Algal.Core.Json transitive imports (legacy)", "656ab42b72b8c16f"],
      ["Algal.Core.Json:importAllArts", "cf3c03647d0d5d4e"],
      ["Algal.Core.Normalize transitive imports (legacy)", "288ca5aa292fb75c"],
      ["Algal.Core.Normalize:importAllArts", "2e662ac1e1d54b50"],
      ["Algal.Core.JsonLayout transitive imports (legacy)", "06df9f88ac7faa08"],
      ["Algal.Core.JsonLayout:importAllArts", "118379f7f9e31ea9"],
      ["Algal.Core.Ports transitive imports (legacy)", "5986480a02263ddd"],
      ["Algal.Core.Ports:importAllArts", "e551b03fd86ddc53"],
      ["Algal.Core.Graph transitive imports (legacy)", "8abadc0cffc4659f"],
      ["Algal.Core.Graph:importAllArts", "e9592564c6bb8420"],
      ["Algal.Core.Accounting transitive imports (legacy)", "bab7fa4b941a5e77"],
      ["Algal.Core.Accounting:importAllArts", "935804f9253c1b53"],
      ["Algal.Core.Oracle transitive imports (legacy)", "5986480a02263ddd"],
      ["Algal.Core.Oracle:importAllArts", "e5bf179a6b1fb4b3"]]]]],
  ["libs",
   [["import dynlibs", "00000000000006bb"],
    ["package external libraries", "00000000000006bb"],
    ["module dynlibs", "00000000000006bb"],
    ["module plugins", "00000000000006bb"]]],
  ["Lean 4.34.0, commit 293d5d0c0c3f3dded4688b3ccd6a33939ac5102b",
   "a1c6c7aa3e9abfe7"],
  ["/Users/bg/Documents/algal/verify/lean/Algal/Core/All.lean",
   "c2618e3edfc0ace2"],
  ["options", "00000000000006bb"],
  ["isModule: false", "feefd2a0d3a1847e"],
  ["Module.name: Algal.Core.All", "5bc21692396c5c8f"],
  ["Package.id?: (some algalVerification)", "322e4bdf4ecfef12"],
  ["Module.leanArgs: #[--threads=1, --memory=1024]", "42b59798c0f2dde0"]],
 "depHash": "c872fc1e2d366460"}