{"synthetic": false,
 "schemaVersion": "2025-09-10",
 "outputs":
 {"o": ["19baa946882ef07a.olean"],
  "m": false,
  "i": "3d31baa2013d9da0.ilean",
  "c": "875cc6f61d2d7299.c"},
 "log":
 [{"message":
   ".> LEAN_PATH=/Users/bg/Documents/algal/verify/lean/.lake/build/lib/lean /Users/bg/.elan/toolchains/leanprover--lean4---v4.34.0/bin/lean --threads=1 --memory=1024 /Users/bg/Documents/algal/verify/lean/Algal/Core/DecimalSyntax.lean -o /Users/bg/Documents/algal/verify/lean/.lake/build/lib/lean/Algal/Core/DecimalSyntax.olean -i /Users/bg/Documents/algal/verify/lean/.lake/build/lib/lean/Algal/Core/DecimalSyntax.ilean -c /Users/bg/Documents/algal/verify/lean/.lake/build/ir/Algal/Core/DecimalSyntax.c --setup /Users/bg/Documents/algal/verify/lean/.lake/build/ir/Algal/Core/DecimalSyntax.setup.json --json",
   "level": "trace"}],
 "inputs":
 [["deps",
   [["algalVerification/Algal:extraDep",
     [["@algalVerification:extraDep", "00000000000006bb"]]],
    ["imports",
     [["Algal.Core.BinaryValue transitive imports (legacy)",
       "bab7fa4b941a5e77"],
      ["Algal.Core.BinaryValue:importAllArts", "94b86156c4afabad"]]]]],
  ["libs",
   [["import dynlibs", "00000000000006bb"],
    ["package external libraries", "00000000000006bb"],
    ["module dynlibs", "00000000000006bb"],
    ["module plugins", "00000000000006bb"]]],
  ["Lean 4.34.0, commit 293d5d0c0c3f3dded4688b3ccd6a33939ac5102b",
   "a1c6c7aa3e9abfe7"],
  ["/Users/bg/Documents/algal/verify/lean/Algal/Core/DecimalSyntax.lean",
   "e83293f151cb471e"],
  ["options", "00000000000006bb"],
  ["isModule: false", "feefd2a0d3a1847e"],
  ["Module.name: Algal.Core.DecimalSyntax", "25725ecbf042f2e2"],
  ["Package.id?: (some algalVerification)", "322e4bdf4ecfef12"],
  ["Module.leanArgs: #[--threads=1, --memory=1024]", "42b59798c0f2dde0"]],
 "depHash": "e8ee76a885e492a6"}