{"synthetic": false,
 "schemaVersion": "2025-09-10",
 "outputs":
 {"o": ["65bf09dadcffe6fd.olean"],
  "m": false,
  "i": "08e23238ac5bd5c7.ilean",
  "c": "97009b903677fff4.c"},
 "log":
 [{"message":
   ".> LEAN_PATH=/Users/bg/Documents/algal/verify/lean/.lake/build/lib/lean /Users/bg/.elan/toolchains/leanprover--lean4---v4.34.0/bin/lean --threads=1 --memory=1024 /Users/bg/Documents/algal/verify/lean/Algal/Core/FiniteNeighbors.lean -o /Users/bg/Documents/algal/verify/lean/.lake/build/lib/lean/Algal/Core/FiniteNeighbors.olean -i /Users/bg/Documents/algal/verify/lean/.lake/build/lib/lean/Algal/Core/FiniteNeighbors.ilean -c /Users/bg/Documents/algal/verify/lean/.lake/build/ir/Algal/Core/FiniteNeighbors.c --setup /Users/bg/Documents/algal/verify/lean/.lake/build/ir/Algal/Core/FiniteNeighbors.setup.json --json",
   "level": "trace"}],
 "inputs":
 [["deps",
   [["algalVerification/Algal:extraDep",
     [["@algalVerification:extraDep", "00000000000006bb"]]],
    ["imports",
     [["Algal.Core.NegativeEndpoints transitive imports (legacy)",
       "bcf653a3c9decb0a"],
      ["Algal.Core.NegativeEndpoints:importAllArts", "5d00b2e661495063"]]]]],
  ["libs",
   [["import dynlibs", "00000000000006bb"],
    ["package external libraries", "00000000000006bb"],
    ["module dynlibs", "00000000000006bb"],
    ["module plugins", "00000000000006bb"]]],
  ["Lean 4.34.0, commit 293d5d0c0c3f3dded4688b3ccd6a33939ac5102b",
   "a1c6c7aa3e9abfe7"],
  ["/Users/bg/Documents/algal/verify/lean/Algal/Core/FiniteNeighbors.lean",
   "4142f8f3f81a4c58"],
  ["options", "00000000000006bb"],
  ["isModule: false", "feefd2a0d3a1847e"],
  ["Module.name: Algal.Core.FiniteNeighbors", "1fc81ac95e4ad92b"],
  ["Package.id?: (some algalVerification)", "322e4bdf4ecfef12"],
  ["Module.leanArgs: #[--threads=1, --memory=1024]", "42b59798c0f2dde0"]],
 "depHash": "b979929a092650ec"}