{"synthetic": false,
 "schemaVersion": "2025-09-10",
 "outputs":
 {"o": ["9f53427ac0049bf7.olean"],
  "m": false,
  "i": "a18d71309b139d7d.ilean",
  "c": "618925a5a83b3bd7.c"},
 "log":
 [{"message":
   ".> LEAN_PATH=/Users/bg/Documents/algal/verify/lean/.lake/build/lib/lean /Users/bg/.elan/toolchains/leanprover--lean4---v4.34.0/bin/lean --threads=1 --memory=1024 /Users/bg/Documents/algal/verify/lean/Algal/Core/IntervalSearch.lean -o /Users/bg/Documents/algal/verify/lean/.lake/build/lib/lean/Algal/Core/IntervalSearch.olean -i /Users/bg/Documents/algal/verify/lean/.lake/build/lib/lean/Algal/Core/IntervalSearch.ilean -c /Users/bg/Documents/algal/verify/lean/.lake/build/ir/Algal/Core/IntervalSearch.c --setup /Users/bg/Documents/algal/verify/lean/.lake/build/ir/Algal/Core/IntervalSearch.setup.json --json",
   "level": "trace"}],
 "inputs":
 [["deps",
   [["algalVerification/Algal:extraDep",
     [["@algalVerification:extraDep", "00000000000006bb"]]],
    ["imports", "00000000000006bb"]]],
  ["libs",
   [["import dynlibs", "00000000000006bb"],
    ["package external libraries", "00000000000006bb"],
    ["module dynlibs", "00000000000006bb"],
    ["module plugins", "00000000000006bb"]]],
  ["Lean 4.34.0, commit 293d5d0c0c3f3dded4688b3ccd6a33939ac5102b",
   "a1c6c7aa3e9abfe7"],
  ["/Users/bg/Documents/algal/verify/lean/Algal/Core/IntervalSearch.lean",
   "1079bd53cc7cfc65"],
  ["options", "00000000000006bb"],
  ["isModule: false", "feefd2a0d3a1847e"],
  ["Module.name: Algal.Core.IntervalSearch", "f2756bd31350bcaa"],
  ["Package.id?: (some algalVerification)", "322e4bdf4ecfef12"],
  ["Module.leanArgs: #[--threads=1, --memory=1024]", "42b59798c0f2dde0"]],
 "depHash": "0deb3c3eb721f52c"}