{"synthetic": false,
 "schemaVersion": "2025-09-10",
 "outputs":
 {"o": ["bffef8579ba56333.olean"],
  "m": false,
  "i": "faf1e790d25e18db.ilean",
  "c": "86a86d00b6fff873.c"},
 "log":
 [{"message":
   ".> LEAN_PATH=/Users/bg/Documents/algal/verify/lean/.lake/build/lib/lean /Users/bg/.elan/toolchains/leanprover--lean4---v4.34.0/bin/lean --threads=1 --memory=1024 /Users/bg/Documents/algal/verify/lean/Algal/Core/JsonLayout.lean -o /Users/bg/Documents/algal/verify/lean/.lake/build/lib/lean/Algal/Core/JsonLayout.olean -i /Users/bg/Documents/algal/verify/lean/.lake/build/lib/lean/Algal/Core/JsonLayout.ilean -c /Users/bg/Documents/algal/verify/lean/.lake/build/ir/Algal/Core/JsonLayout.c --setup /Users/bg/Documents/algal/verify/lean/.lake/build/ir/Algal/Core/JsonLayout.setup.json --json",
   "level": "trace"}],
 "inputs":
 [["deps",
   [["algalVerification/Algal:extraDep",
     [["@algalVerification:extraDep", "00000000000006bb"]]],
    ["imports",
     [["Algal.Core.JsonString transitive imports (legacy)", "00000000000006bb"],
      ["Algal.Core.JsonString:importAllArts", "42510b09911e7e24"],
      ["Algal.Core.Normalize transitive imports (legacy)", "288ca5aa292fb75c"],
      ["Algal.Core.Normalize:importAllArts", "2e662ac1e1d54b50"]]]]],
  ["libs",
   [["import dynlibs", "00000000000006bb"],
    ["package external libraries", "00000000000006bb"],
    ["module dynlibs", "00000000000006bb"],
    ["module plugins", "00000000000006bb"]]],
  ["Lean 4.34.0, commit 293d5d0c0c3f3dded4688b3ccd6a33939ac5102b",
   "a1c6c7aa3e9abfe7"],
  ["/Users/bg/Documents/algal/verify/lean/Algal/Core/JsonLayout.lean",
   "40c0c8014487d7d7"],
  ["options", "00000000000006bb"],
  ["isModule: false", "feefd2a0d3a1847e"],
  ["Module.name: Algal.Core.JsonLayout", "a9703d1319d9a7e8"],
  ["Package.id?: (some algalVerification)", "322e4bdf4ecfef12"],
  ["Module.leanArgs: #[--threads=1, --memory=1024]", "42b59798c0f2dde0"]],
 "depHash": "dcdda47515d3f9aa"}