{"synthetic": false,
 "schemaVersion": "2025-09-10",
 "outputs":
 {"o": ["c94a80dc44bca1a9.olean"],
  "m": false,
  "i": "53b55d4df77cc3d1.ilean",
  "c": "5776e3ce67a081e7.c"},
 "log":
 [{"message":
   ".> LEAN_PATH=/Users/bg/Documents/algal/verify/lean/.lake/build/lib/lean /Users/bg/.elan/toolchains/leanprover--lean4---v4.34.0/bin/lean --threads=1 --memory=1024 /Users/bg/Documents/algal/verify/lean/Algal/Core/Json.lean -o /Users/bg/Documents/algal/verify/lean/.lake/build/lib/lean/Algal/Core/Json.olean -i /Users/bg/Documents/algal/verify/lean/.lake/build/lib/lean/Algal/Core/Json.ilean -c /Users/bg/Documents/algal/verify/lean/.lake/build/ir/Algal/Core/Json.c --setup /Users/bg/Documents/algal/verify/lean/.lake/build/ir/Algal/Core/Json.setup.json --json",
   "level": "trace"}],
 "inputs":
 [["deps",
   [["algalVerification/Algal:extraDep",
     [["@algalVerification:extraDep", "00000000000006bb"]]],
    ["imports",
     [["Algal.Core.Binary64 transitive imports (legacy)", "00000000000006bb"],
      ["Algal.Core.Binary64:importAllArts", "34a943f435855f4b"],
      ["Algal.Core.OwnMap transitive imports (legacy)", "00000000000006bb"],
      ["Algal.Core.OwnMap:importAllArts", "b33299dde9ee9416"],
      ["Algal.Core.Text transitive imports (legacy)", "00000000000006bb"],
      ["Algal.Core.Text:importAllArts", "69267983e3c448a8"]]]]],
  ["libs",
   [["import dynlibs", "00000000000006bb"],
    ["package external libraries", "00000000000006bb"],
    ["module dynlibs", "00000000000006bb"],
    ["module plugins", "00000000000006bb"]]],
  ["Lean 4.34.0, commit 293d5d0c0c3f3dded4688b3ccd6a33939ac5102b",
   "a1c6c7aa3e9abfe7"],
  ["/Users/bg/Documents/algal/verify/lean/Algal/Core/Json.lean",
   "7f2167f7e042b1c4"],
  ["options", "00000000000006bb"],
  ["isModule: false", "feefd2a0d3a1847e"],
  ["Module.name: Algal.Core.Json", "5b85bfe312bed57e"],
  ["Package.id?: (some algalVerification)", "322e4bdf4ecfef12"],
  ["Module.leanArgs: #[--threads=1, --memory=1024]", "42b59798c0f2dde0"]],
 "depHash": "a7ecf19e205c49ab"}