{"synthetic": false,
 "schemaVersion": "2025-09-10",
 "outputs":
 {"o": ["1f75697c5f7f806c.olean"],
  "m": false,
  "i": "0a4e7de58685f95a.ilean",
  "c": "4eb33e36e41d1085.c"},
 "log":
 [{"message":
   ".> LEAN_PATH=/Users/bg/Documents/algal/verify/lean/.lake/build/lib/lean /Users/bg/.elan/toolchains/leanprover--lean4---v4.34.0/bin/lean --threads=1 --memory=1024 /Users/bg/Documents/algal/verify/lean/Algal/Core/KeyOrder.lean -o /Users/bg/Documents/algal/verify/lean/.lake/build/lib/lean/Algal/Core/KeyOrder.olean -i /Users/bg/Documents/algal/verify/lean/.lake/build/lib/lean/Algal/Core/KeyOrder.ilean -c /Users/bg/Documents/algal/verify/lean/.lake/build/ir/Algal/Core/KeyOrder.c --setup /Users/bg/Documents/algal/verify/lean/.lake/build/ir/Algal/Core/KeyOrder.setup.json --json",
   "level": "trace"}],
 "inputs":
 [["deps",
   [["algalVerification/Algal:extraDep",
     [["@algalVerification:extraDep", "00000000000006bb"]]],
    ["imports",
     [["Algal.Core.Text transitive imports (legacy)", "00000000000006bb"],
      ["Algal.Core.Text:importAllArts", "69267983e3c448a8"],
      ["Algal.Core.OwnMap transitive imports (legacy)", "00000000000006bb"],
      ["Algal.Core.OwnMap:importAllArts", "b33299dde9ee9416"]]]]],
  ["libs",
   [["import dynlibs", "00000000000006bb"],
    ["package external libraries", "00000000000006bb"],
    ["module dynlibs", "00000000000006bb"],
    ["module plugins", "00000000000006bb"]]],
  ["Lean 4.34.0, commit 293d5d0c0c3f3dded4688b3ccd6a33939ac5102b",
   "a1c6c7aa3e9abfe7"],
  ["/Users/bg/Documents/algal/verify/lean/Algal/Core/KeyOrder.lean",
   "0199c3df777bc47c"],
  ["options", "00000000000006bb"],
  ["isModule: false", "feefd2a0d3a1847e"],
  ["Module.name: Algal.Core.KeyOrder", "7ec7c8ed0732c40a"],
  ["Package.id?: (some algalVerification)", "322e4bdf4ecfef12"],
  ["Module.leanArgs: #[--threads=1, --memory=1024]", "42b59798c0f2dde0"]],
 "depHash": "7410a30a85cd87f7"}