{"synthetic": false,
 "schemaVersion": "2025-09-10",
 "outputs":
 {"o": ["73fad9f2dea6bf89.olean"],
  "m": false,
  "i": "08b89bcf7804e5b3.ilean",
  "c": "2e2f541b6a545320.c"},
 "log":
 [{"message":
   ".> LEAN_PATH=/Users/bg/Documents/algal/verify/lean/.lake/build/lib/lean /Users/bg/.elan/toolchains/leanprover--lean4---v4.34.0/bin/lean --threads=1 --memory=1024 /Users/bg/Documents/algal/verify/lean/Algal/Core/NegativeEndpoints.lean -o /Users/bg/Documents/algal/verify/lean/.lake/build/lib/lean/Algal/Core/NegativeEndpoints.olean -i /Users/bg/Documents/algal/verify/lean/.lake/build/lib/lean/Algal/Core/NegativeEndpoints.ilean -c /Users/bg/Documents/algal/verify/lean/.lake/build/ir/Algal/Core/NegativeEndpoints.c --setup /Users/bg/Documents/algal/verify/lean/.lake/build/ir/Algal/Core/NegativeEndpoints.setup.json --json",
   "level": "trace"}],
 "inputs":
 [["deps",
   [["algalVerification/Algal:extraDep",
     [["@algalVerification:extraDep", "00000000000006bb"]]],
    ["imports",
     [["Algal.Core.RoundingEndpoints transitive imports (legacy)",
       "6157d84fc65188f6"],
      ["Algal.Core.RoundingEndpoints:importAllArts", "95f05e476da935f9"]]]]],
  ["libs",
   [["import dynlibs", "00000000000006bb"],
    ["package external libraries", "00000000000006bb"],
    ["module dynlibs", "00000000000006bb"],
    ["module plugins", "00000000000006bb"]]],
  ["Lean 4.34.0, commit 293d5d0c0c3f3dded4688b3ccd6a33939ac5102b",
   "a1c6c7aa3e9abfe7"],
  ["/Users/bg/Documents/algal/verify/lean/Algal/Core/NegativeEndpoints.lean",
   "1c32dd3879ea56cc"],
  ["options", "00000000000006bb"],
  ["isModule: false", "feefd2a0d3a1847e"],
  ["Module.name: Algal.Core.NegativeEndpoints", "4e2450324a4429c3"],
  ["Package.id?: (some algalVerification)", "322e4bdf4ecfef12"],
  ["Module.leanArgs: #[--threads=1, --memory=1024]", "42b59798c0f2dde0"]],
 "depHash": "1f061084b862aa1d"}