{"synthetic": false,
 "schemaVersion": "2025-09-10",
 "outputs":
 {"o": ["520b47fd48de7e46.olean"],
  "m": false,
  "i": "3fc67205df77abc9.ilean",
  "c": "c2784d6769ce415a.c"},
 "log":
 [{"message":
   ".> LEAN_PATH=/Users/bg/Documents/algal/verify/lean/.lake/build/lib/lean /Users/bg/.elan/toolchains/leanprover--lean4---v4.34.0/bin/lean --threads=1 --memory=1024 /Users/bg/Documents/algal/verify/lean/Algal/Core/Normalize.lean -o /Users/bg/Documents/algal/verify/lean/.lake/build/lib/lean/Algal/Core/Normalize.olean -i /Users/bg/Documents/algal/verify/lean/.lake/build/lib/lean/Algal/Core/Normalize.ilean -c /Users/bg/Documents/algal/verify/lean/.lake/build/ir/Algal/Core/Normalize.c --setup /Users/bg/Documents/algal/verify/lean/.lake/build/ir/Algal/Core/Normalize.setup.json --json",
   "level": "trace"}],
 "inputs":
 [["deps",
   [["algalVerification/Algal:extraDep",
     [["@algalVerification:extraDep", "00000000000006bb"]]],
    ["imports",
     [["Algal.Core.Json transitive imports (legacy)", "656ab42b72b8c16f"],
      ["Algal.Core.Json:importAllArts", "cf3c03647d0d5d4e"],
      ["Algal.Core.KeyOrder transitive imports (legacy)", "ae773068ea27d363"],
      ["Algal.Core.KeyOrder:importAllArts", "53e2edc16537c82e"]]]]],
  ["libs",
   [["import dynlibs", "00000000000006bb"],
    ["package external libraries", "00000000000006bb"],
    ["module dynlibs", "00000000000006bb"],
    ["module plugins", "00000000000006bb"]]],
  ["Lean 4.34.0, commit 293d5d0c0c3f3dded4688b3ccd6a33939ac5102b",
   "a1c6c7aa3e9abfe7"],
  ["/Users/bg/Documents/algal/verify/lean/Algal/Core/Normalize.lean",
   "b9617466eae4cc8d"],
  ["options", "00000000000006bb"],
  ["isModule: false", "feefd2a0d3a1847e"],
  ["Module.name: Algal.Core.Normalize", "d8cd90777ffdbb69"],
  ["Package.id?: (some algalVerification)", "322e4bdf4ecfef12"],
  ["Module.leanArgs: #[--threads=1, --memory=1024]", "42b59798c0f2dde0"]],
 "depHash": "86f03658810ffba1"}