{"synthetic": false,
 "schemaVersion": "2025-09-10",
 "outputs":
 {"o": ["8b1b830854fdb7e4.olean"],
  "m": false,
  "i": "a35f4c2105f12406.ilean",
  "c": "2df2d0f6889310aa.c"},
 "log":
 [{"message":
   ".> LEAN_PATH=/Users/bg/Documents/algal/verify/lean/.lake/build/lib/lean /Users/bg/.elan/toolchains/leanprover--lean4---v4.34.0/bin/lean --threads=1 --memory=1024 /Users/bg/Documents/algal/verify/lean/Algal/Core/NumericInjectivity.lean -o /Users/bg/Documents/algal/verify/lean/.lake/build/lib/lean/Algal/Core/NumericInjectivity.olean -i /Users/bg/Documents/algal/verify/lean/.lake/build/lib/lean/Algal/Core/NumericInjectivity.ilean -c /Users/bg/Documents/algal/verify/lean/.lake/build/ir/Algal/Core/NumericInjectivity.c --setup /Users/bg/Documents/algal/verify/lean/.lake/build/ir/Algal/Core/NumericInjectivity.setup.json --json",
   "level": "trace"}],
 "inputs":
 [["deps",
   [["algalVerification/Algal:extraDep",
     [["@algalVerification:extraDep", "00000000000006bb"]]],
    ["imports",
     [["Algal.Core.BinaryValue transitive imports (legacy)",
       "bab7fa4b941a5e77"],
      ["Algal.Core.BinaryValue:importAllArts", "94b86156c4afabad"]]]]],
  ["libs",
   [["import dynlibs", "00000000000006bb"],
    ["package external libraries", "00000000000006bb"],
    ["module dynlibs", "00000000000006bb"],
    ["module plugins", "00000000000006bb"]]],
  ["Lean 4.34.0, commit 293d5d0c0c3f3dded4688b3ccd6a33939ac5102b",
   "a1c6c7aa3e9abfe7"],
  ["/Users/bg/Documents/algal/verify/lean/Algal/Core/NumericInjectivity.lean",
   "a1a6582d15a309e0"],
  ["options", "00000000000006bb"],
  ["isModule: false", "feefd2a0d3a1847e"],
  ["Module.name: Algal.Core.NumericInjectivity", "4d54ffab18cd420f"],
  ["Package.id?: (some algalVerification)", "322e4bdf4ecfef12"],
  ["Module.leanArgs: #[--threads=1, --memory=1024]", "42b59798c0f2dde0"]],
 "depHash": "84831723016b7ef7"}