{"synthetic": false,
 "schemaVersion": "2025-09-10",
 "outputs":
 {"o": ["55d2591d603d1f4e.olean"],
  "m": false,
  "i": "d75099993796e67a.ilean",
  "c": "3fff27701f280e20.c"},
 "log":
 [{"message":
   ".> LEAN_PATH=/Users/bg/Documents/algal/verify/lean/.lake/build/lib/lean /Users/bg/.elan/toolchains/leanprover--lean4---v4.34.0/bin/lean --threads=1 --memory=1024 /Users/bg/Documents/algal/verify/lean/Algal/Core/Oracle.lean -o /Users/bg/Documents/algal/verify/lean/.lake/build/lib/lean/Algal/Core/Oracle.olean -i /Users/bg/Documents/algal/verify/lean/.lake/build/lib/lean/Algal/Core/Oracle.ilean -c /Users/bg/Documents/algal/verify/lean/.lake/build/ir/Algal/Core/Oracle.c --setup /Users/bg/Documents/algal/verify/lean/.lake/build/ir/Algal/Core/Oracle.setup.json --json",
   "level": "trace"}],
 "inputs":
 [["deps",
   [["algalVerification/Algal:extraDep",
     [["@algalVerification:extraDep", "00000000000006bb"]]],
    ["imports",
     [["Algal.Core.Json transitive imports (legacy)", "656ab42b72b8c16f"],
      ["Algal.Core.Json:importAllArts", "cf3c03647d0d5d4e"]]]]],
  ["libs",
   [["import dynlibs", "00000000000006bb"],
    ["package external libraries", "00000000000006bb"],
    ["module dynlibs", "00000000000006bb"],
    ["module plugins", "00000000000006bb"]]],
  ["Lean 4.34.0, commit 293d5d0c0c3f3dded4688b3ccd6a33939ac5102b",
   "a1c6c7aa3e9abfe7"],
  ["/Users/bg/Documents/algal/verify/lean/Algal/Core/Oracle.lean",
   "13b5790389f2de31"],
  ["options", "00000000000006bb"],
  ["isModule: false", "feefd2a0d3a1847e"],
  ["Module.name: Algal.Core.Oracle", "3ace47a6281d3f9d"],
  ["Package.id?: (some algalVerification)", "322e4bdf4ecfef12"],
  ["Module.leanArgs: #[--threads=1, --memory=1024]", "42b59798c0f2dde0"]],
 "depHash": "3aac37ff6b0eff5a"}