{"synthetic": false,
 "schemaVersion": "2025-09-10",
 "outputs":
 {"o": ["f8dc76ed437ad2bf.olean"],
  "m": false,
  "i": "f434e142d4c59c8a.ilean",
  "c": "c38235ba76c99175.c"},
 "log":
 [{"message":
   ".> LEAN_PATH=/Users/bg/Documents/algal/verify/lean/.lake/build/lib/lean /Users/bg/.elan/toolchains/leanprover--lean4---v4.34.0/bin/lean --threads=1 --memory=1024 /Users/bg/Documents/algal/verify/lean/Algal/Core/OwnMap.lean -o /Users/bg/Documents/algal/verify/lean/.lake/build/lib/lean/Algal/Core/OwnMap.olean -i /Users/bg/Documents/algal/verify/lean/.lake/build/lib/lean/Algal/Core/OwnMap.ilean -c /Users/bg/Documents/algal/verify/lean/.lake/build/ir/Algal/Core/OwnMap.c --setup /Users/bg/Documents/algal/verify/lean/.lake/build/ir/Algal/Core/OwnMap.setup.json --json",
   "level": "trace"}],
 "inputs":
 [["deps",
   [["algalVerification/Algal:extraDep",
     [["@algalVerification:extraDep", "00000000000006bb"]]],
    ["imports", "00000000000006bb"]]],
  ["libs",
   [["import dynlibs", "00000000000006bb"],
    ["package external libraries", "00000000000006bb"],
    ["module dynlibs", "00000000000006bb"],
    ["module plugins", "00000000000006bb"]]],
  ["Lean 4.34.0, commit 293d5d0c0c3f3dded4688b3ccd6a33939ac5102b",
   "a1c6c7aa3e9abfe7"],
  ["/Users/bg/Documents/algal/verify/lean/Algal/Core/OwnMap.lean",
   "24f65ec503f193ab"],
  ["options", "00000000000006bb"],
  ["isModule: false", "feefd2a0d3a1847e"],
  ["Module.name: Algal.Core.OwnMap", "be9693d1ab09714f"],
  ["Package.id?: (some algalVerification)", "322e4bdf4ecfef12"],
  ["Module.leanArgs: #[--threads=1, --memory=1024]", "42b59798c0f2dde0"]],
 "depHash": "3655998f9893fc6c"}