{"synthetic": false,
 "schemaVersion": "2025-09-10",
 "outputs":
 {"o": ["c3ee5d8284d9ff15.olean"],
  "m": false,
  "i": "e6efc68609cdd556.ilean",
  "c": "0ee77b8eb16a4093.c"},
 "log":
 [{"message":
   ".> LEAN_PATH=/Users/bg/Documents/algal/verify/lean/.lake/build/lib/lean /Users/bg/.elan/toolchains/leanprover--lean4---v4.34.0/bin/lean --threads=1 --memory=1024 /Users/bg/Documents/algal/verify/lean/Algal/Core/Ports.lean -o /Users/bg/Documents/algal/verify/lean/.lake/build/lib/lean/Algal/Core/Ports.olean -i /Users/bg/Documents/algal/verify/lean/.lake/build/lib/lean/Algal/Core/Ports.ilean -c /Users/bg/Documents/algal/verify/lean/.lake/build/ir/Algal/Core/Ports.c --setup /Users/bg/Documents/algal/verify/lean/.lake/build/ir/Algal/Core/Ports.setup.json --json",
   "level": "trace"}],
 "inputs":
 [["deps",
   [["algalVerification/Algal:extraDep",
     [["@algalVerification:extraDep", "00000000000006bb"]]],
    ["imports",
     [["Algal.Core.Json transitive imports (legacy)", "656ab42b72b8c16f"],
      ["Algal.Core.Json:importAllArts", "cf3c03647d0d5d4e"]]]]],
  ["libs",
   [["import dynlibs", "00000000000006bb"],
    ["package external libraries", "00000000000006bb"],
    ["module dynlibs", "00000000000006bb"],
    ["module plugins", "00000000000006bb"]]],
  ["Lean 4.34.0, commit 293d5d0c0c3f3dded4688b3ccd6a33939ac5102b",
   "a1c6c7aa3e9abfe7"],
  ["/Users/bg/Documents/algal/verify/lean/Algal/Core/Ports.lean",
   "44b496d7b5f93fa9"],
  ["options", "00000000000006bb"],
  ["isModule: false", "feefd2a0d3a1847e"],
  ["Module.name: Algal.Core.Ports", "ebc3e420d5630829"],
  ["Package.id?: (some algalVerification)", "322e4bdf4ecfef12"],
  ["Module.leanArgs: #[--threads=1, --memory=1024]", "42b59798c0f2dde0"]],
 "depHash": "4b49d78b81d56a63"}