{"synthetic": false,
 "schemaVersion": "2025-09-10",
 "outputs":
 {"o": ["c29675ddb329a58f.olean"],
  "m": false,
  "i": "3af62646f9b89f05.ilean",
  "c": "e75f288f2b834fce.c"},
 "log":
 [{"message":
   ".> LEAN_PATH=/Users/bg/Documents/algal/verify/lean/.lake/build/lib/lean /Users/bg/.elan/toolchains/leanprover--lean4---v4.34.0/bin/lean --threads=1 --memory=1024 /Users/bg/Documents/algal/verify/lean/Algal/Core/RationalBracket.lean -o /Users/bg/Documents/algal/verify/lean/.lake/build/lib/lean/Algal/Core/RationalBracket.olean -i /Users/bg/Documents/algal/verify/lean/.lake/build/lib/lean/Algal/Core/RationalBracket.ilean -c /Users/bg/Documents/algal/verify/lean/.lake/build/ir/Algal/Core/RationalBracket.c --setup /Users/bg/Documents/algal/verify/lean/.lake/build/ir/Algal/Core/RationalBracket.setup.json --json",
   "level": "trace"}],
 "inputs":
 [["deps",
   [["algalVerification/Algal:extraDep",
     [["@algalVerification:extraDep", "00000000000006bb"]]],
    ["imports",
     [["Algal.Core.FiniteNeighbors transitive imports (legacy)",
       "d8c47c5b71767bcb"],
      ["Algal.Core.FiniteNeighbors:importAllArts", "ef4270044d6ec7cd"],
      ["Algal.Core.IntervalSearch transitive imports (legacy)",
       "00000000000006bb"],
      ["Algal.Core.IntervalSearch:importAllArts", "544d430e371ae8da"]]]]],
  ["libs",
   [["import dynlibs", "00000000000006bb"],
    ["package external libraries", "00000000000006bb"],
    ["module dynlibs", "00000000000006bb"],
    ["module plugins", "00000000000006bb"]]],
  ["Lean 4.34.0, commit 293d5d0c0c3f3dded4688b3ccd6a33939ac5102b",
   "a1c6c7aa3e9abfe7"],
  ["/Users/bg/Documents/algal/verify/lean/Algal/Core/RationalBracket.lean",
   "2ed62db6a0a88df9"],
  ["options", "00000000000006bb"],
  ["isModule: false", "feefd2a0d3a1847e"],
  ["Module.name: Algal.Core.RationalBracket", "86a644b815852939"],
  ["Package.id?: (some algalVerification)", "322e4bdf4ecfef12"],
  ["Module.leanArgs: #[--threads=1, --memory=1024]", "42b59798c0f2dde0"]],
 "depHash": "19366b042d7728bc"}