{"synthetic": false,
 "schemaVersion": "2025-09-10",
 "outputs":
 {"o": ["08879dafc7bad9a8.olean"],
  "m": false,
  "i": "58a748d91458c80f.ilean",
  "c": "4d1c114452b4f74e.c"},
 "log":
 [{"message":
   ".> LEAN_PATH=/Users/bg/Documents/algal/verify/lean/.lake/build/lib/lean /Users/bg/.elan/toolchains/leanprover--lean4---v4.34.0/bin/lean --threads=1 --memory=1024 /Users/bg/Documents/algal/verify/lean/Algal/Core/RationalSelector.lean -o /Users/bg/Documents/algal/verify/lean/.lake/build/lib/lean/Algal/Core/RationalSelector.olean -i /Users/bg/Documents/algal/verify/lean/.lake/build/lib/lean/Algal/Core/RationalSelector.ilean -c /Users/bg/Documents/algal/verify/lean/.lake/build/ir/Algal/Core/RationalSelector.c --setup /Users/bg/Documents/algal/verify/lean/.lake/build/ir/Algal/Core/RationalSelector.setup.json --json",
   "level": "trace"}],
 "inputs":
 [["deps",
   [["algalVerification/Algal:extraDep",
     [["@algalVerification:extraDep", "00000000000006bb"]]],
    ["imports",
     [["Algal.Core.RationalBracket transitive imports (legacy)",
       "1c512af72fa97298"],
      ["Algal.Core.RationalBracket:importAllArts", "01a7feb936b6f2a8"]]]]],
  ["libs",
   [["import dynlibs", "00000000000006bb"],
    ["package external libraries", "00000000000006bb"],
    ["module dynlibs", "00000000000006bb"],
    ["module plugins", "00000000000006bb"]]],
  ["Lean 4.34.0, commit 293d5d0c0c3f3dded4688b3ccd6a33939ac5102b",
   "a1c6c7aa3e9abfe7"],
  ["/Users/bg/Documents/algal/verify/lean/Algal/Core/RationalSelector.lean",
   "8c3518dc18f28cd2"],
  ["options", "00000000000006bb"],
  ["isModule: false", "feefd2a0d3a1847e"],
  ["Module.name: Algal.Core.RationalSelector", "489f0f09836a44a6"],
  ["Package.id?: (some algalVerification)", "322e4bdf4ecfef12"],
  ["Module.leanArgs: #[--threads=1, --memory=1024]", "42b59798c0f2dde0"]],
 "depHash": "7bfdda52a6de2238"}