{"synthetic": false,
 "schemaVersion": "2025-09-10",
 "outputs":
 {"o": ["404230a851574b5e.olean"],
  "m": false,
  "i": "532b94b95acaf670.ilean",
  "c": "8e732156ab77e9ef.c"},
 "log":
 [{"message":
   ".> LEAN_PATH=/Users/bg/Documents/algal/verify/lean/.lake/build/lib/lean /Users/bg/.elan/toolchains/leanprover--lean4---v4.34.0/bin/lean --threads=1 --memory=1024 /Users/bg/Documents/algal/verify/lean/Algal/Core/RoundingEndpoints.lean -o /Users/bg/Documents/algal/verify/lean/.lake/build/lib/lean/Algal/Core/RoundingEndpoints.olean -i /Users/bg/Documents/algal/verify/lean/.lake/build/lib/lean/Algal/Core/RoundingEndpoints.ilean -c /Users/bg/Documents/algal/verify/lean/.lake/build/ir/Algal/Core/RoundingEndpoints.c --setup /Users/bg/Documents/algal/verify/lean/.lake/build/ir/Algal/Core/RoundingEndpoints.setup.json --json",
   "level": "trace"}],
 "inputs":
 [["deps",
   [["algalVerification/Algal:extraDep",
     [["@algalVerification:extraDep", "00000000000006bb"]]],
    ["imports",
     [["Algal.Core.SignedRounding transitive imports (legacy)",
       "e3e395544acef31f"],
      ["Algal.Core.SignedRounding:importAllArts", "f1474161e9808bf4"]]]]],
  ["libs",
   [["import dynlibs", "00000000000006bb"],
    ["package external libraries", "00000000000006bb"],
    ["module dynlibs", "00000000000006bb"],
    ["module plugins", "00000000000006bb"]]],
  ["Lean 4.34.0, commit 293d5d0c0c3f3dded4688b3ccd6a33939ac5102b",
   "a1c6c7aa3e9abfe7"],
  ["/Users/bg/Documents/algal/verify/lean/Algal/Core/RoundingEndpoints.lean",
   "ebb8b6111fe7eedd"],
  ["options", "00000000000006bb"],
  ["isModule: false", "feefd2a0d3a1847e"],
  ["Module.name: Algal.Core.RoundingEndpoints", "a4561204738ae85c"],
  ["Package.id?: (some algalVerification)", "322e4bdf4ecfef12"],
  ["Module.leanArgs: #[--threads=1, --memory=1024]", "42b59798c0f2dde0"]],
 "depHash": "2d91e4609acda592"}