{"synthetic": false,
 "schemaVersion": "2025-09-10",
 "outputs":
 {"o": ["d36d9c47069e2e01.olean"],
  "m": false,
  "i": "bd6895ff03d9315c.ilean",
  "c": "25389265d8b2ebf6.c"},
 "log":
 [{"message":
   ".> LEAN_PATH=/Users/bg/Documents/algal/verify/lean/.lake/build/lib/lean /Users/bg/.elan/toolchains/leanprover--lean4---v4.34.0/bin/lean --threads=1 --memory=1024 /Users/bg/Documents/algal/verify/lean/Algal/Core/RoundingInterval.lean -o /Users/bg/Documents/algal/verify/lean/.lake/build/lib/lean/Algal/Core/RoundingInterval.olean -i /Users/bg/Documents/algal/verify/lean/.lake/build/lib/lean/Algal/Core/RoundingInterval.ilean -c /Users/bg/Documents/algal/verify/lean/.lake/build/ir/Algal/Core/RoundingInterval.c --setup /Users/bg/Documents/algal/verify/lean/.lake/build/ir/Algal/Core/RoundingInterval.setup.json --json",
   "level": "trace"}],
 "inputs":
 [["deps",
   [["algalVerification/Algal:extraDep",
     [["@algalVerification:extraDep", "00000000000006bb"]]],
    ["imports",
     [["Algal.Core.NumericInjectivity transitive imports (legacy)",
       "ba0f729b56f7f26e"],
      ["Algal.Core.NumericInjectivity:importAllArts", "ae1335f9ae42aec9"]]]]],
  ["libs",
   [["import dynlibs", "00000000000006bb"],
    ["package external libraries", "00000000000006bb"],
    ["module dynlibs", "00000000000006bb"],
    ["module plugins", "00000000000006bb"]]],
  ["Lean 4.34.0, commit 293d5d0c0c3f3dded4688b3ccd6a33939ac5102b",
   "a1c6c7aa3e9abfe7"],
  ["/Users/bg/Documents/algal/verify/lean/Algal/Core/RoundingInterval.lean",
   "df660dc86a38893b"],
  ["options", "00000000000006bb"],
  ["isModule: false", "feefd2a0d3a1847e"],
  ["Module.name: Algal.Core.RoundingInterval", "42a1f0aacaa049df"],
  ["Package.id?: (some algalVerification)", "322e4bdf4ecfef12"],
  ["Module.leanArgs: #[--threads=1, --memory=1024]", "42b59798c0f2dde0"]],
 "depHash": "e31b25b072cecd07"}