{"synthetic": false,
 "schemaVersion": "2025-09-10",
 "outputs":
 {"o": ["dfe8b14dabddf39a.olean"],
  "m": false,
  "i": "6a16d9118c00df64.ilean",
  "c": "255ac92ab4a44823.c"},
 "log":
 [{"message":
   ".> LEAN_PATH=/Users/bg/Documents/algal/verify/lean/.lake/build/lib/lean /Users/bg/.elan/toolchains/leanprover--lean4---v4.34.0/bin/lean --threads=1 --memory=1024 /Users/bg/Documents/algal/verify/lean/Algal/Core/SignedRounding.lean -o /Users/bg/Documents/algal/verify/lean/.lake/build/lib/lean/Algal/Core/SignedRounding.olean -i /Users/bg/Documents/algal/verify/lean/.lake/build/lib/lean/Algal/Core/SignedRounding.ilean -c /Users/bg/Documents/algal/verify/lean/.lake/build/ir/Algal/Core/SignedRounding.c --setup /Users/bg/Documents/algal/verify/lean/.lake/build/ir/Algal/Core/SignedRounding.setup.json --json",
   "level": "trace"}],
 "inputs":
 [["deps",
   [["algalVerification/Algal:extraDep",
     [["@algalVerification:extraDep", "00000000000006bb"]]],
    ["imports",
     [["Algal.Core.RoundingInterval transitive imports (legacy)",
       "f65b905b05b001a0"],
      ["Algal.Core.RoundingInterval:importAllArts", "7d60bdad68f718bb"]]]]],
  ["libs",
   [["import dynlibs", "00000000000006bb"],
    ["package external libraries", "00000000000006bb"],
    ["module dynlibs", "00000000000006bb"],
    ["module plugins", "00000000000006bb"]]],
  ["Lean 4.34.0, commit 293d5d0c0c3f3dded4688b3ccd6a33939ac5102b",
   "a1c6c7aa3e9abfe7"],
  ["/Users/bg/Documents/algal/verify/lean/Algal/Core/SignedRounding.lean",
   "17e936261ab5cfb9"],
  ["options", "00000000000006bb"],
  ["isModule: false", "feefd2a0d3a1847e"],
  ["Module.name: Algal.Core.SignedRounding", "43b0db5e9da596ba"],
  ["Package.id?: (some algalVerification)", "322e4bdf4ecfef12"],
  ["Module.leanArgs: #[--threads=1, --memory=1024]", "42b59798c0f2dde0"]],
 "depHash": "862128aab5f330b7"}