{"synthetic": false,
 "schemaVersion": "2025-09-10",
 "outputs":
 {"o": ["c91eb82341a0a34e.olean"],
  "m": false,
  "i": "61ad7f815c1ebef3.ilean",
  "c": "af036532f1fd0749.c"},
 "log":
 [{"message":
   ".> LEAN_PATH=/Users/bg/Documents/algal/verify/lean/.lake/build/lib/lean /Users/bg/.elan/toolchains/leanprover--lean4---v4.34.0/bin/lean --threads=1 --memory=1024 /Users/bg/Documents/algal/verify/lean/Algal/Source/Model.lean -o /Users/bg/Documents/algal/verify/lean/.lake/build/lib/lean/Algal/Source/Model.olean -i /Users/bg/Documents/algal/verify/lean/.lake/build/lib/lean/Algal/Source/Model.ilean -c /Users/bg/Documents/algal/verify/lean/.lake/build/ir/Algal/Source/Model.c --setup /Users/bg/Documents/algal/verify/lean/.lake/build/ir/Algal/Source/Model.setup.json --json",
   "level": "trace"}],
 "inputs":
 [["deps",
   [["algalVerification/Algal:extraDep",
     [["@algalVerification:extraDep", "00000000000006bb"]]],
    ["imports",
     [["Algal.Core.Binary64 transitive imports (legacy)", "00000000000006bb"],
      ["Algal.Core.Binary64:importAllArts", "34a943f435855f4b"],
      ["Algal.Core.Json transitive imports (legacy)", "656ab42b72b8c16f"],
      ["Algal.Core.Json:importAllArts", "cf3c03647d0d5d4e"]]]]],
  ["libs",
   [["import dynlibs", "00000000000006bb"],
    ["package external libraries", "00000000000006bb"],
    ["module dynlibs", "00000000000006bb"],
    ["module plugins", "00000000000006bb"]]],
  ["Lean 4.34.0, commit 293d5d0c0c3f3dded4688b3ccd6a33939ac5102b",
   "a1c6c7aa3e9abfe7"],
  ["/Users/bg/Documents/algal/verify/lean/Algal/Source/Model.lean",
   "73212f1e94f79ec5"],
  ["options", "00000000000006bb"],
  ["isModule: false", "feefd2a0d3a1847e"],
  ["Module.name: Algal.Source.Model", "03fc6f7c315ca394"],
  ["Package.id?: (some algalVerification)", "322e4bdf4ecfef12"],
  ["Module.leanArgs: #[--threads=1, --memory=1024]", "42b59798c0f2dde0"]],
 "depHash": "9faee9464887d7c0"}