{"synthetic": false,
 "schemaVersion": "2025-09-10",
 "outputs":
 {"o": ["99101fe8f5f13fef.olean"],
  "m": false,
  "i": "be7d47ef2de3cb50.ilean",
  "c": "382a8ca2ec375e91.c"},
 "log":
 [{"message":
   ".> LEAN_PATH=/Users/bg/Documents/algal/verify/lean/.lake/build/lib/lean /private/tmp/algal-verification-tools/lean-4.34.0-darwin_aarch64/bin/lean --threads=1 --memory=1024 /Users/bg/Documents/algal/verify/lean/Algal/Replay/Model.lean -o /Users/bg/Documents/algal/verify/lean/.lake/build/lib/lean/Algal/Replay/Model.olean -i /Users/bg/Documents/algal/verify/lean/.lake/build/lib/lean/Algal/Replay/Model.ilean -c /Users/bg/Documents/algal/verify/lean/.lake/build/ir/Algal/Replay/Model.c --setup /Users/bg/Documents/algal/verify/lean/.lake/build/ir/Algal/Replay/Model.setup.json --json",
   "level": "trace"}],
 "inputs":
 [["deps",
   [["algalVerification/Algal:extraDep",
     [["@algalVerification:extraDep", "00000000000006bb"]]],
    ["imports",
     [["Algal.Core.Json transitive imports (legacy)", "656ab42b72b8c16f"],
      ["Algal.Core.Json:importAllArts", "cf3c03647d0d5d4e"],
      ["Algal.Core.OwnMap transitive imports (legacy)", "00000000000006bb"],
      ["Algal.Core.OwnMap:importAllArts", "b33299dde9ee9416"]]]]],
  ["libs",
   [["import dynlibs", "00000000000006bb"],
    ["package external libraries", "00000000000006bb"],
    ["module dynlibs", "00000000000006bb"],
    ["module plugins", "00000000000006bb"]]],
  ["Lean 4.34.0, commit 293d5d0c0c3f3dded4688b3ccd6a33939ac5102b",
   "a1c6c7aa3e9abfe7"],
  ["/Users/bg/Documents/algal/verify/lean/Algal/Replay/Model.lean",
   "3044480ff588f4a2"],
  ["options", "00000000000006bb"],
  ["isModule: false", "feefd2a0d3a1847e"],
  ["Module.name: Algal.Replay.Model", "f5f0c1d5eba17e87"],
  ["Package.id?: (some algalVerification)", "322e4bdf4ecfef12"],
  ["Module.leanArgs: #[--threads=1, --memory=1024]", "42b59798c0f2dde0"]],
 "depHash": "080441144e6c507c"}