{"synthetic": false,
 "schemaVersion": "2025-09-10",
 "outputs":
 {"o": ["98d943bec5268334.olean"],
  "m": false,
  "i": "4df6007ef1ff4226.ilean",
  "c": "e3506f0756fc2aad.c"},
 "log":
 [{"message":
   ".> LEAN_PATH=/Users/bg/Documents/algal/verify/lean/.lake/build/lib/lean /Users/bg/.elan/toolchains/leanprover--lean4---v4.34.0/bin/lean --threads=1 --memory=1024 /Users/bg/Documents/algal/verify/lean/Algal/Memory/Theorems.lean -o /Users/bg/Documents/algal/verify/lean/.lake/build/lib/lean/Algal/Memory/Theorems.olean -i /Users/bg/Documents/algal/verify/lean/.lake/build/lib/lean/Algal/Memory/Theorems.ilean -c /Users/bg/Documents/algal/verify/lean/.lake/build/ir/Algal/Memory/Theorems.c --setup /Users/bg/Documents/algal/verify/lean/.lake/build/ir/Algal/Memory/Theorems.setup.json --json",
   "level": "trace"}],
 "inputs":
 [["deps",
   [["algalVerification/Algal:extraDep",
     [["@algalVerification:extraDep", "00000000000006bb"]]],
    ["imports",
     [["Algal.Memory.Datalog transitive imports (legacy)", "00000000000006bb"],
      ["Algal.Memory.Datalog:importAllArts", "ed60b0c3da98888c"]]]]],
  ["libs",
   [["import dynlibs", "00000000000006bb"],
    ["package external libraries", "00000000000006bb"],
    ["module dynlibs", "00000000000006bb"],
    ["module plugins", "00000000000006bb"]]],
  ["Lean 4.34.0, commit 293d5d0c0c3f3dded4688b3ccd6a33939ac5102b",
   "a1c6c7aa3e9abfe7"],
  ["/Users/bg/Documents/algal/verify/lean/Algal/Memory/Theorems.lean",
   "e0e6572295afc013"],
  ["options", "00000000000006bb"],
  ["isModule: false", "feefd2a0d3a1847e"],
  ["Module.name: Algal.Memory.Theorems", "5921eaaecfed6473"],
  ["Package.id?: (some algalVerification)", "322e4bdf4ecfef12"],
  ["Module.leanArgs: #[--threads=1, --memory=1024]", "42b59798c0f2dde0"]],
 "depHash": "6b5ae7930b05c283"}