{"synthetic": false,
 "schemaVersion": "2025-09-10",
 "outputs":
 {"o": ["266cf2ef4bb8f362.olean"],
  "m": false,
  "i": "9d5f01d62b82fdd4.ilean",
  "c": "6b128a1d5b81d553.c"},
 "log":
 [{"message":
   ".> LEAN_PATH=/Users/bg/Documents/algal/verify/lean/.lake/build/lib/lean /Users/bg/.elan/toolchains/leanprover--lean4---v4.34.0/bin/lean --threads=1 --memory=1024 /Users/bg/Documents/algal/verify/lean/Algal/Expr/Model.lean -o /Users/bg/Documents/algal/verify/lean/.lake/build/lib/lean/Algal/Expr/Model.olean -i /Users/bg/Documents/algal/verify/lean/.lake/build/lib/lean/Algal/Expr/Model.ilean -c /Users/bg/Documents/algal/verify/lean/.lake/build/ir/Algal/Expr/Model.c --setup /Users/bg/Documents/algal/verify/lean/.lake/build/ir/Algal/Expr/Model.setup.json --json",
   "level": "trace"}],
 "inputs":
 [["deps",
   [["algalVerification/Algal:extraDep",
     [["@algalVerification:extraDep", "00000000000006bb"]]],
    ["imports",
     [["Algal.Core.Binary64 transitive imports (legacy)", "00000000000006bb"],
      ["Algal.Core.Binary64:importAllArts", "34a943f435855f4b"],
      ["Algal.Core.Json transitive imports (legacy)", "656ab42b72b8c16f"],
      ["Algal.Core.Json:importAllArts", "cf3c03647d0d5d4e"],
      ["Algal.Core.JsonString transitive imports (legacy)", "00000000000006bb"],
      ["Algal.Core.JsonString:importAllArts", "42510b09911e7e24"],
      ["Algal.Core.KeyOrder transitive imports (legacy)", "ae773068ea27d363"],
      ["Algal.Core.KeyOrder:importAllArts", "53e2edc16537c82e"],
      ["Algal.Core.Normalize transitive imports (legacy)", "288ca5aa292fb75c"],
      ["Algal.Core.Normalize:importAllArts", "2e662ac1e1d54b50"],
      ["Algal.Core.NumericInjectivity transitive imports (legacy)",
       "ba0f729b56f7f26e"],
      ["Algal.Core.NumericInjectivity:importAllArts", "ae1335f9ae42aec9"],
      ["Algal.Core.OwnMap transitive imports (legacy)", "00000000000006bb"],
      ["Algal.Core.OwnMap:importAllArts", "b33299dde9ee9416"],
      ["Algal.Core.Text transitive imports (legacy)", "00000000000006bb"],
      ["Algal.Core.Text:importAllArts", "69267983e3c448a8"]]]]],
  ["libs",
   [["import dynlibs", "00000000000006bb"],
    ["package external libraries", "00000000000006bb"],
    ["module dynlibs", "00000000000006bb"],
    ["module plugins", "00000000000006bb"]]],
  ["Lean 4.34.0, commit 293d5d0c0c3f3dded4688b3ccd6a33939ac5102b",
   "a1c6c7aa3e9abfe7"],
  ["/Users/bg/Documents/algal/verify/lean/Algal/Expr/Model.lean",
   "c72ec5ba64a8715f"],
  ["options", "00000000000006bb"],
  ["isModule: false", "feefd2a0d3a1847e"],
  ["Module.name: Algal.Expr.Model", "97b90d8d8d2af4e0"],
  ["Package.id?: (some algalVerification)", "322e4bdf4ecfef12"],
  ["Module.leanArgs: #[--threads=1, --memory=1024]", "42b59798c0f2dde0"]],
 "depHash": "7d215d6e6c04995f"}