{"synthetic": false,
 "schemaVersion": "2025-09-10",
 "outputs":
 {"o": ["470b236f3b3af218.olean"],
  "m": false,
  "i": "777e6b7673149911.ilean",
  "c": "f98b86b53b83b074.c"},
 "log":
 [{"message":
   ".> LEAN_PATH=/Users/bg/Documents/algal/verify/lean/.lake/build/lib/lean /Users/bg/.elan/toolchains/leanprover--lean4---v4.34.0/bin/lean --threads=1 --memory=1024 /Users/bg/Documents/algal/verify/lean/Algal.lean -o /Users/bg/Documents/algal/verify/lean/.lake/build/lib/lean/Algal.olean -i /Users/bg/Documents/algal/verify/lean/.lake/build/lib/lean/Algal.ilean -c /Users/bg/Documents/algal/verify/lean/.lake/build/ir/Algal.c --setup /Users/bg/Documents/algal/verify/lean/.lake/build/ir/Algal.setup.json --json",
   "level": "trace"}],
 "inputs":
 [["deps",
   [["algalVerification/Algal:extraDep",
     [["@algalVerification:extraDep", "00000000000006bb"]]],
    ["imports",
     [["Algal.Core.All transitive imports (legacy)", "60451c030d9c1f58"],
      ["Algal.Core.All:importAllArts", "874d9302af792197"],
      ["Algal.Audit transitive imports (legacy)", "00000000000006bb"],
      ["Algal.Audit:importAllArts", "fdbbe603cb1e384f"]]]]],
  ["libs",
   [["import dynlibs", "00000000000006bb"],
    ["package external libraries", "00000000000006bb"],
    ["module dynlibs", "00000000000006bb"],
    ["module plugins", "00000000000006bb"]]],
  ["Lean 4.34.0, commit 293d5d0c0c3f3dded4688b3ccd6a33939ac5102b",
   "a1c6c7aa3e9abfe7"],
  ["/Users/bg/Documents/algal/verify/lean/Algal.lean", "70778e91ec2dc141"],
  ["options", "00000000000006bb"],
  ["isModule: false", "feefd2a0d3a1847e"],
  ["Module.name: Algal", "2f488c76421a9d4a"],
  ["Package.id?: (some algalVerification)", "322e4bdf4ecfef12"],
  ["Module.leanArgs: #[--threads=1, --memory=1024]", "42b59798c0f2dde0"]],
 "depHash": "beb1a78e8a2d6f6a"}